
------------------------------------------ Test Report ----------------------------------------------------------------------------------------
Testing using "Pytest -v"

#1. Test: Adding A sweet (FAILED)

    Exception has occurred: ImportError
    cannot import name 'SweetShop' from 'sweet.Class_logic' (C:\Sweets_Shop\sweet\Class_logic.py)
    File "C:\Sweets_Shop\sweet\__init__.py", line 1, in <module>
        from .Class_logic import SweetShop
     File "C:\Sweets_Shop\tests\test_sweet_shop.py", line 8, in <module>
        from sweet import SweetShop
    ImportError: cannot import name 'SweetShop' from 'sweet.Class_logic' (C:\Sweets_Shop\sweet\Class_logic.py)

#2. Test: Adding A sweet (second attemp after implimenting the code) (PASSED)

    platform win32 -- Python 3.13.1, pytest-8.4.1, pluggy-1.6.0 -- C:\Sweets_Shop\venv\Scripts\python.exe
    cachedir: .pytest_cache
    rootdir: C:\Sweets_Shop
    collected 1 item

    tests/test_sweet_shop.py::test_add_sweet PASSED                                                                                       [100%]

#3. Test: Adding a sweet with missing fields (PASSED)

    platform win32 -- Python 3.13.1, pytest-8.4.1, pluggy-1.6.0 -- C:\Sweets_Shop\venv\Scripts\python.exe
    cachedir: .pytest_cache
    rootdir: C:\Sweets_Shop
    collected 2 items

    tests/test_sweet_shop.py::test_add_sweet PASSED                                                                                       [ 50%]
    tests/test_sweet_shop.py::test_add_missing_fields PASSED                                                                              [100%]

#4. Test: Deleting a sweet by ID (FAILED)

    platform win32 -- Python 3.13.1, pytest-8.4.1, pluggy-1.6.0 -- C:\Sweets_Shop\venv\Scripts\python.exe
    cachedir: .pytest_cache
    rootdir: C:\Sweets_Shop
    collected 3 items

    tests/test_sweet_shop.py::test_add_sweet PASSED                                                                                       [ 33%] 
    tests/test_sweet_shop.py::test_add_missing_fields PASSED                                                                              [ 66%] 
    tests/test_sweet_shop.py::test_delete_sweet FAILED                                                                                    [100%]

    def test_delete_sweet():
        shop = SweetShop()
        shop.add_sweet(2, "Barfi", "Candy", 15.0, 5)
>       shop.delete_sweet(2)
            ^^^^^^^^^^^^^^^^^
E       AttributeError: 'SweetShop' object has no attribute 'delete_sweet'
    tests\test_sweet_shop.py:33: AttributeError

#5. Test: Deleting a sweet by ID (second attemp after implimenting the code) (PASSED)

    platform win32 -- Python 3.13.1, pytest-8.4.1, pluggy-1.6.0 -- C:\Sweets_Shop\venv\Scripts\python.exe
    cachedir: .pytest_cache
    rootdir: C:\Sweets_Shop
    collected 3 items

    tests/test_sweet_shop.py::test_add_sweet PASSED                                                                                       [ 33%] 
    tests/test_sweet_shop.py::test_add_missing_fields PASSED                                                                              [ 66%] 
    tests/test_sweet_shop.py::test_delete_sweet PASSED                                                                                    [100%]

#6. Test: Searching for sweet by name (FAILED)

    platform win32 -- Python 3.13.1, pytest-8.4.1, pluggy-1.6.0 -- C:\Sweets_Shop\venv\Scripts\python.exe
    cachedir: .pytest_cache
    rootdir: C:\Sweets_Shop
    collected 4 items

    tests/test_sweet_shop.py::test_add_sweet PASSED                                                                                       [ 25%] 
    tests/test_sweet_shop.py::test_add_missing_fields PASSED                                                                              [ 50%] 
    tests/test_sweet_shop.py::test_delete_sweet PASSED                                                                                    [ 75%] 
    tests/test_sweet_shop.py::test_search_by_name FAILED                                                                                  [100%] 

    def test_search_by_name():
        shop = SweetShop()
        shop.add_sweet(3, "Peda", "Pastry", 12.0, 10)
>       results = shop.search_sweets(name="Peda")
                  ^^^^^^^^^^^^^^^^^^
E       AttributeError: 'SweetShop' object has no attribute 'search_sweets'

    tests\test_sweet_shop.py:41: AttributeError

#7. Test: Searching for sweet by name(second attemp after implimenting the code) (PASSED)

    platform win32 -- Python 3.13.1, pytest-8.4.1, pluggy-1.6.0 -- C:\Sweets_Shop\venv\Scripts\python.exe
    cachedir: .pytest_cache
    rootdir: C:\Sweets_Shop
    collected 4 items

    tests/test_sweet_shop.py::test_add_sweet PASSED                                                                                       [ 25%] 
    tests/test_sweet_shop.py::test_add_missing_fields PASSED                                                                              [ 50%] 
    tests/test_sweet_shop.py::test_delete_sweet PASSED                                                                                    [ 75%] 
    tests/test_sweet_shop.py::test_search_by_name PASSED                                                                                  [100%] 

#8. Test: Searching for sweet by category (PASSED)

    platform win32 -- Python 3.13.1, pytest-8.4.1, pluggy-1.6.0 -- C:\Sweets_Shop\venv\Scripts\python.exe
    cachedir: .pytest_cache
    rootdir: C:\Sweets_Shop
    collected 4 items

    tests/test_sweet_shop.py::test_add_sweet PASSED                                                                                       [ 25%] 
    tests/test_sweet_shop.py::test_add_missing_fields PASSED                                                                              [ 50%] 
    tests/test_sweet_shop.py::test_delete_sweet PASSED                                                                                    [ 75%] 
    tests/test_sweet_shop.py::test_search_by_category PASSED                                                                              [100%] 

#9. Test: Searching for sweet by price range (PASSED)

    platform win32 -- Python 3.13.1, pytest-8.4.1, pluggy-1.6.0 -- C:\Sweets_Shop\venv\Scripts\python.exe
    cachedir: .pytest_cache
    rootdir: C:\Sweets_Shop
    collected 4 items

    tests/test_sweet_shop.py::test_add_sweet PASSED                                                                                       [ 25%] 
    tests/test_sweet_shop.py::test_add_missing_fields PASSED                                                                              [ 50%] 
    tests/test_sweet_shop.py::test_delete_sweet PASSED                                                                                    [ 75%] 
    tests/test_sweet_shop.py::test_search_by_price_range PASSED                                                                           [100%] 

#10. Test: Sorting sweets by price (ascending) (PASSED)

    platform win32 -- Python 3.13.1, pytest-8.4.1, pluggy-1.6.0 -- C:\Sweets_Shop\venv\Scripts\python.exe
    cachedir: .pytest_cache
    rootdir: C:\Sweets_Shop
    collected 5 items

    tests/test_sweet_shop.py::test_add_sweet PASSED                                                                                       [ 20%] 
    tests/test_sweet_shop.py::test_add_missing_fields PASSED                                                                              [ 40%] 
    tests/test_sweet_shop.py::test_delete_sweet PASSED                                                                                    [ 60%] 
    tests/test_sweet_shop.py::test_search_by_price_range PASSED                                                                           [ 80%] 
    tests/test_sweet_shop.py::test_sort_by_price FAILED                                                                                   [100%]

    def test_sort_by_price():
        shop = SweetShop()
        shop.add_sweet(4, "Jalebi", "Candy", 20.0, 5)
        shop.add_sweet(5, "Kaju Katli", "Candy", 10.0, 5)
>       sorted_sweets = shop.sort_sweets(by="price")
                        ^^^^^^^^^^^^^^^^
E       AttributeError: 'SweetShop' object has no attribute 'sort_sweets'. Did you mean: 'search_sweets'?

    tests\test_sweet_shop.py:51: AttributeError

#11. Test: Sorting sweets by price (ascending) (second attemp after implementing the code) (PASSED)

    platform win32 -- Python 3.13.1, pytest-8.4.1, pluggy-1.6.0 -- C:\Sweets_Shop\venv\Scripts\python.exe
    cachedir: .pytest_cache
    rootdir: C:\Sweets_Shop
    collected 5 items

    tests/test_sweet_shop.py::test_add_sweet PASSED                                                                                       [ 20%] 
    tests/test_sweet_shop.py::test_add_missing_fields PASSED                                                                              [ 40%] 
    tests/test_sweet_shop.py::test_delete_sweet PASSED                                                                                    [ 60%] 
    tests/test_sweet_shop.py::test_search_by_price_range PASSED                                                                           [ 80%] 
    tests/test_sweet_shop.py::test_sort_by_price PASSED                                                                                   [100%] 

#12. Test: Sorting sweets by name (ascending) (PASSED)

    platform win32 -- Python 3.13.1, pytest-8.4.1, pluggy-1.6.0 -- C:\Sweets_Shop\venv\Scripts\python.exe
    cachedir: .pytest_cache
    rootdir: C:\Sweets_Shop
    collected 6 items

    tests/test_sweet_shop.py::test_add_sweet PASSED                                                                                       [ 16%] 
    tests/test_sweet_shop.py::test_add_missing_fields PASSED                                                                              [ 33%] 
    tests/test_sweet_shop.py::test_delete_sweet PASSED                                                                                    [ 50%] 
    tests/test_sweet_shop.py::test_search_by_price_range PASSED                                                                           [ 66%] 
    tests/test_sweet_shop.py::test_sort_by_price PASSED                                                                                   [ 83%] 
    tests/test_sweet_shop.py::test_sort_by_name PASSED                                                                                    [100%] 

#13. Test: Sorting sweets by quantity (ascending) (PASSED)

    platform win32 -- Python 3.13.1, pytest-8.4.1, pluggy-1.6.0 -- C:\Sweets_Shop\venv\Scripts\python.exe
    cachedir: .pytest_cache
    rootdir: C:\Sweets_Shop
    collected 6 items

    tests/test_sweet_shop.py::test_add_sweet PASSED                                                                                       [ 16%] 
    tests/test_sweet_shop.py::test_add_missing_fields PASSED                                                                              [ 33%] 
    tests/test_sweet_shop.py::test_delete_sweet PASSED                                                                                    [ 50%] 
    tests/test_sweet_shop.py::test_search_by_price_range PASSED                                                                           [ 66%] 
    tests/test_sweet_shop.py::test_sort_by_price PASSED                                                                                   [ 83%] 
    tests/test_sweet_shop.py::test_sort_by_name PASSED                                                                                    [100%] 

#14. Test: Purchasing a sweet and reducing quantity (FAILED)

    platform win32 -- Python 3.13.1, pytest-8.4.1, pluggy-1.6.0 -- C:\Sweets_Shop\venv\Scripts\python.exe
    cachedir: .pytest_cache
    rootdir: C:\Sweets_Shop
    collected 7 items

    tests/test_sweet_shop.py::test_add_sweet PASSED                                                                                       [ 14%] 
    tests/test_sweet_shop.py::test_add_missing_fields PASSED                                                                              [ 28%] 
    tests/test_sweet_shop.py::test_delete_sweet PASSED                                                                                    [ 42%] 
    tests/test_sweet_shop.py::test_search_by_price_range PASSED                                                                           [ 57%] 
    tests/test_sweet_shop.py::test_sort_by_price PASSED                                                                                   [ 71%] 
    tests/test_sweet_shop.py::test_sort_by_name PASSED                                                                                    [ 85%] 
    tests/test_sweet_shop.py::test_purchase_sweet FAILED                                                                                  [100%]

    def test_purchase_sweet():
        shop = SweetShop()
        shop.add_sweet(6, "Ladoo", "Pastry", 10.0, 10)
>       shop.purchase_sweet(6, 3)
        ^^^^^^^^^^^^^^^^^^^
E       AttributeError: 'SweetShop' object has no attribute 'purchase_sweet'

    tests\test_sweet_shop.py:77: AttributeError

#15. Test: Purchasing a sweet and reducing quantity (second attemp after implementing the code) (PASSED)

    platform win32 -- Python 3.13.1, pytest-8.4.1, pluggy-1.6.0 -- C:\Sweets_Shop\venv\Scripts\python.exe
    cachedir: .pytest_cache
    rootdir: C:\Sweets_Shop
    collected 7 items

    tests/test_sweet_shop.py::test_add_sweet PASSED                                                                                       [ 14%] 
    tests/test_sweet_shop.py::test_add_missing_fields PASSED                                                                              [ 28%] 
    tests/test_sweet_shop.py::test_delete_sweet PASSED                                                                                    [ 42%] 
    tests/test_sweet_shop.py::test_search_by_price_range PASSED                                                                           [ 57%] 
    tests/test_sweet_shop.py::test_sort_by_price PASSED                                                                                   [ 71%] 
    tests/test_sweet_shop.py::test_sort_by_name PASSED                                                                                    [ 85%] 
    tests/test_sweet_shop.py::test_purchase_sweet PASSED                                                                                  [100%]

#16. Test: Trying to purchase more than in stock (PASSED)

    platform win32 -- Python 3.13.1, pytest-8.4.1, pluggy-1.6.0 -- C:\Sweets_Shop\venv\Scripts\python.exe
    cachedir: .pytest_cache
    rootdir: C:\Sweets_Shop
    collected 8 items

    tests/test_sweet_shop.py::test_add_sweet PASSED                                                                                       [ 12%] 
    tests/test_sweet_shop.py::test_add_missing_fields PASSED                                                                              [ 25%] 
    tests/test_sweet_shop.py::test_delete_sweet PASSED                                                                                    [ 37%] 
    tests/test_sweet_shop.py::test_search_by_price_range PASSED                                                                           [ 50%] 
    tests/test_sweet_shop.py::test_sort_by_price PASSED                                                                                   [ 62%] 
    tests/test_sweet_shop.py::test_sort_by_name PASSED                                                                                    [ 75%] 
    tests/test_sweet_shop.py::test_purchase_sweet PASSED                                                                                  [ 87%] 
    tests/test_sweet_shop.py::test_purchase_insufficient_stock PASSED                                                                     [100%] 

#17. Test: Restocking a sweet (FAILED)

    platform win32 -- Python 3.13.1, pytest-8.4.1, pluggy-1.6.0 -- C:\Sweets_Shop\venv\Scripts\python.exe
    cachedir: .pytest_cache
    rootdir: C:\Sweets_Shop
    collected 9 items

    tests/test_sweet_shop.py::test_add_sweet PASSED                                                                                       [ 11%] 
    tests/test_sweet_shop.py::test_add_missing_fields PASSED                                                                              [ 22%] 
    tests/test_sweet_shop.py::test_delete_sweet PASSED                                                                                    [ 33%] 
    tests/test_sweet_shop.py::test_search_by_price_range PASSED                                                                           [ 44%] 
    tests/test_sweet_shop.py::test_sort_by_price PASSED                                                                                   [ 55%] 
    tests/test_sweet_shop.py::test_sort_by_name PASSED                                                                                    [ 66%] 
    tests/test_sweet_shop.py::test_purchase_sweet PASSED                                                                                  [ 77%] 
    tests/test_sweet_shop.py::test_purchase_insufficient_stock PASSED                                                                     [ 88%] 
    tests/test_sweet_shop.py::test_restock_sweet FAILED                                                                                   [100%]

    def test_restock_sweet():
        shop = SweetShop()
        shop.add_sweet(8, "Gulab Jamun", "Pastry", 18.0, 5)
>       shop.restock_sweet(8, 10)
        ^^^^^^^^^^^^^^^^^^
E       AttributeError: 'SweetShop' object has no attribute 'restock_sweet'

    tests\test_sweet_shop.py:102: AttributeError

#17. Test: Restocking a sweet (second attemp after implementing the code) (PASSED)

    platform win32 -- Python 3.13.1, pytest-8.4.1, pluggy-1.6.0 -- C:\Sweets_Shop\venv\Scripts\python.exe
    cachedir: .pytest_cache
    rootdir: C:\Sweets_Shop
    collected 9 items

    tests/test_sweet_shop.py::test_add_sweet PASSED                                                                                       [ 11%] 
    tests/test_sweet_shop.py::test_add_missing_fields PASSED                                                                              [ 22%] 
    tests/test_sweet_shop.py::test_delete_sweet PASSED                                                                                    [ 33%] 
    tests/test_sweet_shop.py::test_search_by_price_range PASSED                                                                           [ 44%] 
    tests/test_sweet_shop.py::test_sort_by_price PASSED                                                                                   [ 55%] 
    tests/test_sweet_shop.py::test_sort_by_name PASSED                                                                                    [ 66%] 
    tests/test_sweet_shop.py::test_purchase_sweet PASSED                                                                                  [ 77%]
    tests/test_sweet_shop.py::test_purchase_insufficient_stock PASSED                                                                     [ 88%] 
    tests/test_sweet_shop.py::test_restock_sweet PASSED                                                                                   [100%] 

18. Fainal Test
  
    platform win32 -- Python 3.13.1, pytest-8.4.1, pluggy-1.6.0 -- C:\Sweets_Shop\venv\Scripts\python.exe
    cachedir: .pytest_cache
    rootdir: C:\Sweets_Shop
    collected 9 items

    tests/test_sweet_shop.py::test_add_sweet PASSED                                                                                           [ 11%] 
    tests/test_sweet_shop.py::test_add_missing_fields PASSED                                                                                  [ 22%] 
    tests/test_sweet_shop.py::test_delete_sweet PASSED                                                                                        [ 33%] 
    tests/test_sweet_shop.py::test_search_by_price_range PASSED                                                                               [ 44%] 
    tests/test_sweet_shop.py::test_sort_by_price PASSED                                                                                       [ 55%] 
    tests/test_sweet_shop.py::test_sort_by_name PASSED                                                                                        [ 66%] 
    tests/test_sweet_shop.py::test_purchase_sweet PASSED                                                                                      [ 77%] 
    tests/test_sweet_shop.py::test_purchase_insufficient_stock PASSED                                                                         [ 88%] 
    tests/test_sweet_shop.py::test_restock_sweet PASSED                                                                                       [100%]


